<?xml version="1.0" encoding="utf-8"?>
<TestRun id="2e4d8fbe-9c0b-4b7d-a7c1-964e8f91ffd1" name="auber@DESKTOP-QL6DKVE 2022-09-15 22:29:28" runUser="DESKTOP-QL6DKVE\auber" xmlns="http://microsoft.com/schemas/VisualStudio/TeamTest/2010">
  <Times creation="2022-09-15T22:29:28.2122409+02:00" queuing="2022-09-15T22:29:28.2122409+02:00" start="2022-09-15T22:29:27.3560464+02:00" finish="2022-09-15T22:29:28.5210256+02:00" />
  <TestSettings name="default" id="ad738703-9cee-40cc-ab4a-39f663592709">
    <Deployment runDeploymentRoot="auber_DESKTOP-QL6DKVE_2022-09-15_22_29_28" />
  </TestSettings>
  <Results>
    <UnitTestResult executionId="b8fcf0ea-e06e-401e-96f4-07e04e0496e4" testId="97c5dcf7-f95d-6d43-2775-7abbde6bcbba" testName="NextTurnReturnS_OK" computerName="DESKTOP-QL6DKVE" duration="00:00:00.0001861" startTime="2022-09-15T22:29:28.3261794+02:00" endTime="2022-09-15T22:29:28.3263655+02:00" testType="13cdc9d9-ddb5-4fa4-a97d-d965ccfc6d4b" outcome="Passed" testListId="8c84fa94-04c1-424b-9868-57a2d4851a1d" relativeResultsDirectory="b8fcf0ea-e06e-401e-96f4-07e04e0496e4" />
    <UnitTestResult executionId="5d28dc4d-780d-438d-85d1-23207b96a111" testId="6f3971a4-8014-fc88-7c78-fc11c4df17a1" testName="AttackReturnE_Fail" computerName="DESKTOP-QL6DKVE" duration="00:00:00.0000362" startTime="2022-09-15T22:29:28.1352243+02:00" endTime="2022-09-15T22:29:28.1352605+02:00" testType="13cdc9d9-ddb5-4fa4-a97d-d965ccfc6d4b" outcome="Passed" testListId="8c84fa94-04c1-424b-9868-57a2d4851a1d" relativeResultsDirectory="5d28dc4d-780d-438d-85d1-23207b96a111" />
    <UnitTestResult executionId="6a684a65-fe7f-4c26-87a2-e5430cf06ea2" testId="bb4fe614-f1e7-a9db-9551-1b0bf71923eb" testName="IsCharacterStillAliveIsFalse" computerName="DESKTOP-QL6DKVE" duration="00:00:00.0000231" startTime="2022-09-15T22:29:28.1772336+02:00" endTime="2022-09-15T22:29:28.1772567+02:00" testType="13cdc9d9-ddb5-4fa4-a97d-d965ccfc6d4b" outcome="Passed" testListId="8c84fa94-04c1-424b-9868-57a2d4851a1d" relativeResultsDirectory="6a684a65-fe7f-4c26-87a2-e5430cf06ea2" />
    <UnitTestResult executionId="19ea9c85-6abc-48e4-8d54-90d033a6db73" testId="8c0f8735-02c6-ff5e-0e22-7851a9435c76" testName="ClassicFightReturnS_OK" computerName="DESKTOP-QL6DKVE" duration="00:00:00.0000505" startTime="2022-09-15T22:29:28.1822356+02:00" endTime="2022-09-15T22:29:28.1822861+02:00" testType="13cdc9d9-ddb5-4fa4-a97d-d965ccfc6d4b" outcome="Passed" testListId="8c84fa94-04c1-424b-9868-57a2d4851a1d" relativeResultsDirectory="19ea9c85-6abc-48e4-8d54-90d033a6db73" />
    <UnitTestResult executionId="5141334c-48c4-48d6-a710-d86826fe914d" testId="2da04864-bcf9-06e2-3c76-a472c742859f" testName="HammerDealDamageEqual20" computerName="DESKTOP-QL6DKVE" duration="00:00:00.0000227" startTime="2022-09-15T22:29:28.3291802+02:00" endTime="2022-09-15T22:29:28.3292029+02:00" testType="13cdc9d9-ddb5-4fa4-a97d-d965ccfc6d4b" outcome="Passed" testListId="8c84fa94-04c1-424b-9868-57a2d4851a1d" relativeResultsDirectory="5141334c-48c4-48d6-a710-d86826fe914d" />
    <UnitTestResult executionId="1e7770d8-addc-4805-8301-f4b51cdf9439" testId="c3288b20-1b78-6b1d-d773-7b1471226147" testName="CheckStatusEffectForPlayersNoChangeOfStatus" computerName="DESKTOP-QL6DKVE" duration="00:00:00.0000407" startTime="2022-09-15T22:29:28.1822356+02:00" endTime="2022-09-15T22:29:28.1822763+02:00" testType="13cdc9d9-ddb5-4fa4-a97d-d965ccfc6d4b" outcome="Passed" testListId="8c84fa94-04c1-424b-9868-57a2d4851a1d" relativeResultsDirectory="1e7770d8-addc-4805-8301-f4b51cdf9439" />
    <UnitTestResult executionId="df70e926-d8fd-4465-bee2-33d77536217c" testId="927c1d11-da6f-13a7-1d49-22a9a72a90bd" testName="SwordDealDamageEqual20" computerName="DESKTOP-QL6DKVE" duration="00:00:00.0000223" startTime="2022-09-15T22:29:28.3291802+02:00" endTime="2022-09-15T22:29:28.3292025+02:00" testType="13cdc9d9-ddb5-4fa4-a97d-d965ccfc6d4b" outcome="Passed" testListId="8c84fa94-04c1-424b-9868-57a2d4851a1d" relativeResultsDirectory="df70e926-d8fd-4465-bee2-33d77536217c" />
    <UnitTestResult executionId="b5459f07-d428-4f48-acbd-e2ac2b9fddff" testId="09b6403c-3741-ba65-85ae-a85c43b97cae" testName="ClassicFightReturnS_False" computerName="DESKTOP-QL6DKVE" duration="00:00:00.0000664" startTime="2022-09-15T22:29:28.1822356+02:00" endTime="2022-09-15T22:29:28.1823020+02:00" testType="13cdc9d9-ddb5-4fa4-a97d-d965ccfc6d4b" outcome="Passed" testListId="8c84fa94-04c1-424b-9868-57a2d4851a1d" relativeResultsDirectory="b5459f07-d428-4f48-acbd-e2ac2b9fddff" />
    <UnitTestResult executionId="77c7285f-6b75-436c-87f0-a72e05c95d45" testId="583a9ade-7703-3308-8ba1-04ef50ba602b" testName="getPvBonusReturn20" computerName="DESKTOP-QL6DKVE" duration="00:00:00.0000273" startTime="2022-09-15T22:29:28.1342235+02:00" endTime="2022-09-15T22:29:28.1342508+02:00" testType="13cdc9d9-ddb5-4fa4-a97d-d965ccfc6d4b" outcome="Passed" testListId="8c84fa94-04c1-424b-9868-57a2d4851a1d" relativeResultsDirectory="77c7285f-6b75-436c-87f0-a72e05c95d45" />
    <UnitTestResult executionId="80e0a6eb-30f3-4893-88b8-ab68218747c9" testId="2fe2b861-570a-e60e-dec0-83d420b2485c" testName="getDamagedReturn60" computerName="DESKTOP-QL6DKVE" duration="00:00:00.0000411" startTime="2022-09-15T22:29:28.1342235+02:00" endTime="2022-09-15T22:29:28.1342646+02:00" testType="13cdc9d9-ddb5-4fa4-a97d-d965ccfc6d4b" outcome="Passed" testListId="8c84fa94-04c1-424b-9868-57a2d4851a1d" relativeResultsDirectory="80e0a6eb-30f3-4893-88b8-ab68218747c9" />
    <UnitTestResult executionId="81afa9bc-a19a-48b4-a847-c4d003178221" testId="5c5a02a0-769c-2d2b-093d-9abe12760dee" testName="SpecialCapacityCheckReturnE_Fail" computerName="DESKTOP-QL6DKVE" duration="00:00:00.0000261" startTime="2022-09-15T22:29:28.1352243+02:00" endTime="2022-09-15T22:29:28.1352504+02:00" testType="13cdc9d9-ddb5-4fa4-a97d-d965ccfc6d4b" outcome="Passed" testListId="8c84fa94-04c1-424b-9868-57a2d4851a1d" relativeResultsDirectory="81afa9bc-a19a-48b4-a847-c4d003178221" />
    <UnitTestResult executionId="995a324d-b817-422a-bc3d-9b201f6dd126" testId="efed1334-2119-ede4-0c29-b28f75b46849" testName="OrcSpecialCapacityNotReturnE_FAIL" computerName="DESKTOP-QL6DKVE" duration="00:00:00.0000514" startTime="2022-09-15T22:29:28.3281797+02:00" endTime="2022-09-15T22:29:28.3282311+02:00" testType="13cdc9d9-ddb5-4fa4-a97d-d965ccfc6d4b" outcome="Passed" testListId="8c84fa94-04c1-424b-9868-57a2d4851a1d" relativeResultsDirectory="995a324d-b817-422a-bc3d-9b201f6dd126" />
    <UnitTestResult executionId="744a95d3-0f8a-4749-94e8-043d7a45b918" testId="8d6d63e7-07e0-35ed-c38b-cbad58e0cc2f" testName="isAWinnerDecidedIsFalse" computerName="DESKTOP-QL6DKVE" duration="00:00:00.0000333" startTime="2022-09-15T22:29:28.1802340+02:00" endTime="2022-09-15T22:29:28.1802673+02:00" testType="13cdc9d9-ddb5-4fa4-a97d-d965ccfc6d4b" outcome="Passed" testListId="8c84fa94-04c1-424b-9868-57a2d4851a1d" relativeResultsDirectory="744a95d3-0f8a-4749-94e8-043d7a45b918" />
    <UnitTestResult executionId="522c29f0-fbad-4482-9f16-6e798b118382" testId="2f2c61e5-9f7b-21c5-30d8-a373019154b6" testName="GetHitWithArmorReturn50" computerName="DESKTOP-QL6DKVE" duration="00:00:00.0000338" startTime="2022-09-15T22:29:28.1782337+02:00" endTime="2022-09-15T22:29:28.1782675+02:00" testType="13cdc9d9-ddb5-4fa4-a97d-d965ccfc6d4b" outcome="Passed" testListId="8c84fa94-04c1-424b-9868-57a2d4851a1d" relativeResultsDirectory="522c29f0-fbad-4482-9f16-6e798b118382" />
    <UnitTestResult executionId="6a8a74bb-2c0b-4de0-8d2a-e3b263660f61" testId="a3e26214-2efb-bfb5-b3f0-272ec1d8d2ef" testName="isGetHitWithArmorDeal0Pv" computerName="DESKTOP-QL6DKVE" duration="00:00:00.0000474" startTime="2022-09-15T22:29:28.3281797+02:00" endTime="2022-09-15T22:29:28.3282271+02:00" testType="13cdc9d9-ddb5-4fa4-a97d-d965ccfc6d4b" outcome="Passed" testListId="8c84fa94-04c1-424b-9868-57a2d4851a1d" relativeResultsDirectory="6a8a74bb-2c0b-4de0-8d2a-e3b263660f61" />
    <UnitTestResult executionId="48ce74a0-c26d-4579-9929-95722e62542a" testId="e7b7f7a0-e073-969b-049c-1d69b640a26d" testName="SetPvSetPvTo100" computerName="DESKTOP-QL6DKVE" duration="00:00:00.0000286" startTime="2022-09-15T22:29:28.1782337+02:00" endTime="2022-09-15T22:29:28.1782623+02:00" testType="13cdc9d9-ddb5-4fa4-a97d-d965ccfc6d4b" outcome="Passed" testListId="8c84fa94-04c1-424b-9868-57a2d4851a1d" relativeResultsDirectory="48ce74a0-c26d-4579-9929-95722e62542a" />
    <UnitTestResult executionId="dda1971d-ef26-4408-b256-17d21be05d4b" testId="03cd7578-b005-b6fc-97ad-e1983ecb1261" testName="LauchSpecialCapacityReturnS_OK" computerName="DESKTOP-QL6DKVE" duration="00:00:00.1406360" startTime="2022-09-15T22:29:28.1842347+02:00" endTime="2022-09-15T22:29:28.3248707+02:00" testType="13cdc9d9-ddb5-4fa4-a97d-d965ccfc6d4b" outcome="Failed" testListId="8c84fa94-04c1-424b-9868-57a2d4851a1d" relativeResultsDirectory="dda1971d-ef26-4408-b256-17d21be05d4b">
      <Output>
        <ErrorInfo>
          <Message>Assert failed. Expected:&lt;0&gt; Actual:&lt;1&gt;</Message>
          <StackTrace>	at ModernGameGodUnitTest::ModernGameGod_UnitTest::LauchSpecialCapacityReturnS_OK() in C:\Users\auber\Documents\GitHub\warhammerv2\WarHammer-UnitTest\ModerGameGod-UnitTest.cpp:line 107</StackTrace>
        </ErrorInfo>
      </Output>
    </UnitTestResult>
    <UnitTestResult executionId="92d8d4de-be6e-4db4-8963-8a7827e952f7" testId="a56ef89c-f826-3f32-8513-3bf2d8ef40d5" testName="GetCharacterStatusReturnNormal" computerName="DESKTOP-QL6DKVE" duration="00:00:00.0000190" startTime="2022-09-15T22:29:28.1782337+02:00" endTime="2022-09-15T22:29:28.1782527+02:00" testType="13cdc9d9-ddb5-4fa4-a97d-d965ccfc6d4b" outcome="Passed" testListId="8c84fa94-04c1-424b-9868-57a2d4851a1d" relativeResultsDirectory="92d8d4de-be6e-4db4-8963-8a7827e952f7" />
    <UnitTestResult executionId="4a97de37-f3ed-4912-946a-fc9e13fea54c" testId="30ad32c9-4f88-4449-0747-afe4ca36641e" testName="isAWinnerDecidedReturnS_OK" computerName="DESKTOP-QL6DKVE" duration="00:00:00.0000296" startTime="2022-09-15T22:29:28.1832352+02:00" endTime="2022-09-15T22:29:28.1832648+02:00" testType="13cdc9d9-ddb5-4fa4-a97d-d965ccfc6d4b" outcome="Passed" testListId="8c84fa94-04c1-424b-9868-57a2d4851a1d" relativeResultsDirectory="4a97de37-f3ed-4912-946a-fc9e13fea54c" />
    <UnitTestResult executionId="4c398c99-3990-4d34-a9dc-66081aaaa0b0" testId="e98c92d5-b3a2-9dfb-be44-6ba371ec75a1" testName="isAWinnerDecidedIsTrue" computerName="DESKTOP-QL6DKVE" duration="00:00:00.0000276" startTime="2022-09-15T22:29:28.1802340+02:00" endTime="2022-09-15T22:29:28.1802616+02:00" testType="13cdc9d9-ddb5-4fa4-a97d-d965ccfc6d4b" outcome="Passed" testListId="8c84fa94-04c1-424b-9868-57a2d4851a1d" relativeResultsDirectory="4c398c99-3990-4d34-a9dc-66081aaaa0b0" />
    <UnitTestResult executionId="52d1fbfa-5149-4055-9f34-012a0c9e9fc9" testId="b8164bea-d15b-b705-6270-76d8b545602e" testName="ClassicFightIsFalse" computerName="DESKTOP-QL6DKVE" duration="00:00:00.0000738" startTime="2022-09-15T22:29:28.1802340+02:00" endTime="2022-09-15T22:29:28.1803078+02:00" testType="13cdc9d9-ddb5-4fa4-a97d-d965ccfc6d4b" outcome="Passed" testListId="8c84fa94-04c1-424b-9868-57a2d4851a1d" relativeResultsDirectory="52d1fbfa-5149-4055-9f34-012a0c9e9fc9" />
    <UnitTestResult executionId="c18dc7bc-abf0-406a-8489-334b5903b4c8" testId="80a8d8eb-dcf7-6869-1514-421c1c868962" testName="isGetHitNoArmordeal20Pv" computerName="DESKTOP-QL6DKVE" duration="00:00:00.0000351" startTime="2022-09-15T22:29:28.3281797+02:00" endTime="2022-09-15T22:29:28.3282148+02:00" testType="13cdc9d9-ddb5-4fa4-a97d-d965ccfc6d4b" outcome="Passed" testListId="8c84fa94-04c1-424b-9868-57a2d4851a1d" relativeResultsDirectory="c18dc7bc-abf0-406a-8489-334b5903b4c8" />
    <UnitTestResult executionId="8c569b17-a0e9-4805-89b7-3dd0f58564bd" testId="58c88962-8c3d-d4b0-61c7-b85a8124107f" testName="getArmorStatusReturnAllStatus" computerName="DESKTOP-QL6DKVE" duration="00:00:00.0001519" startTime="2022-09-15T22:29:28.1262224+02:00" endTime="2022-09-15T22:29:28.1263743+02:00" testType="13cdc9d9-ddb5-4fa4-a97d-d965ccfc6d4b" outcome="Passed" testListId="8c84fa94-04c1-424b-9868-57a2d4851a1d" relativeResultsDirectory="8c569b17-a0e9-4805-89b7-3dd0f58564bd" />
    <UnitTestResult executionId="2d966a68-6148-4f4f-a963-226dffa81449" testId="7a875c94-c6ee-6c13-06cf-91fbf3cf6670" testName="GetWinnerReturnBilly" computerName="DESKTOP-QL6DKVE" duration="00:00:00.0000200" startTime="2022-09-15T22:29:28.1792341+02:00" endTime="2022-09-15T22:29:28.1792541+02:00" testType="13cdc9d9-ddb5-4fa4-a97d-d965ccfc6d4b" outcome="Passed" testListId="8c84fa94-04c1-424b-9868-57a2d4851a1d" relativeResultsDirectory="2d966a68-6148-4f4f-a963-226dffa81449" />
    <UnitTestResult executionId="4209b0cc-b979-41d2-9db6-5c4ea01ac255" testId="42c82c77-19a2-b6f6-866b-2749e7ca4e03" testName="GetHitWithNoArmorReturn50" computerName="DESKTOP-QL6DKVE" duration="00:00:00.0000346" startTime="2022-09-15T22:29:28.1782337+02:00" endTime="2022-09-15T22:29:28.1782683+02:00" testType="13cdc9d9-ddb5-4fa4-a97d-d965ccfc6d4b" outcome="Passed" testListId="8c84fa94-04c1-424b-9868-57a2d4851a1d" relativeResultsDirectory="4209b0cc-b979-41d2-9db6-5c4ea01ac255" />
    <UnitTestResult executionId="f0831de7-b306-4ab2-bd81-18f6b214f090" testId="4a083ae2-2549-f17d-57d2-f26d3cac0d3f" testName="LauchSpecialCapacityReturnE_FAIL" computerName="DESKTOP-QL6DKVE" duration="00:00:00.0000610" startTime="2022-09-15T22:29:28.3251794+02:00" endTime="2022-09-15T22:29:28.3252404+02:00" testType="13cdc9d9-ddb5-4fa4-a97d-d965ccfc6d4b" outcome="Passed" testListId="8c84fa94-04c1-424b-9868-57a2d4851a1d" relativeResultsDirectory="f0831de7-b306-4ab2-bd81-18f6b214f090" />
    <UnitTestResult executionId="9dbee454-36d1-450d-92a1-c23319e6a32e" testId="e0f209ce-241b-94d1-1885-0af94eb99668" testName="CheckStatusEffectCureStun" computerName="DESKTOP-QL6DKVE" duration="00:00:00.0000287" startTime="2022-09-15T22:29:28.1802340+02:00" endTime="2022-09-15T22:29:28.1802627+02:00" testType="13cdc9d9-ddb5-4fa4-a97d-d965ccfc6d4b" outcome="Passed" testListId="8c84fa94-04c1-424b-9868-57a2d4851a1d" relativeResultsDirectory="9dbee454-36d1-450d-92a1-c23319e6a32e" />
    <UnitTestResult executionId="671dd928-aa38-45e8-9f25-fa90fbcd458a" testId="2ccb17f8-d460-f2f1-e132-eef4b048d8f4" testName="isAWinnerDecidedReturnS_False" computerName="DESKTOP-QL6DKVE" duration="00:00:00.0000265" startTime="2022-09-15T22:29:28.1832352+02:00" endTime="2022-09-15T22:29:28.1832617+02:00" testType="13cdc9d9-ddb5-4fa4-a97d-d965ccfc6d4b" outcome="Passed" testListId="8c84fa94-04c1-424b-9868-57a2d4851a1d" relativeResultsDirectory="671dd928-aa38-45e8-9f25-fa90fbcd458a" />
    <UnitTestResult executionId="793577aa-d251-48b2-a5eb-f26032f989a4" testId="55763cf2-6a21-5288-155c-bd769669ec6c" testName="GetNameReturnThrall" computerName="DESKTOP-QL6DKVE" duration="00:00:00.0000419" startTime="2022-09-15T22:29:28.1772336+02:00" endTime="2022-09-15T22:29:28.1772755+02:00" testType="13cdc9d9-ddb5-4fa4-a97d-d965ccfc6d4b" outcome="Passed" testListId="8c84fa94-04c1-424b-9868-57a2d4851a1d" relativeResultsDirectory="793577aa-d251-48b2-a5eb-f26032f989a4" />
    <UnitTestResult executionId="f1f73356-983c-4e83-af39-aa0ab35f4f23" testId="c05f8d4b-bf91-ed05-d12c-4605448b43e0" testName="CheckStatusEffectForPlayersSetStatusToNormalIfStun" computerName="DESKTOP-QL6DKVE" duration="00:00:00.0000537" startTime="2022-09-15T22:29:28.1822356+02:00" endTime="2022-09-15T22:29:28.1822893+02:00" testType="13cdc9d9-ddb5-4fa4-a97d-d965ccfc6d4b" outcome="Passed" testListId="8c84fa94-04c1-424b-9868-57a2d4851a1d" relativeResultsDirectory="f1f73356-983c-4e83-af39-aa0ab35f4f23" />
    <UnitTestResult executionId="f7a7b76b-78ac-47a5-b5d3-6c93c54d6be7" testId="7d0ebb33-cc4a-3d1c-be3e-a4552c439026" testName="AttackReturnS_OK" computerName="DESKTOP-QL6DKVE" duration="00:00:00.0001225" startTime="2022-09-15T22:29:28.1772336+02:00" endTime="2022-09-15T22:29:28.1773561+02:00" testType="13cdc9d9-ddb5-4fa4-a97d-d965ccfc6d4b" outcome="Passed" testListId="8c84fa94-04c1-424b-9868-57a2d4851a1d" relativeResultsDirectory="f7a7b76b-78ac-47a5-b5d3-6c93c54d6be7" />
    <UnitTestResult executionId="7243abca-b1d7-4d95-8673-fd99564a5f18" testId="d52bfd30-2acb-631b-5521-2f58c28138d1" testName="KnightSpecialCapacityNotReturnE_FAIL" computerName="DESKTOP-QL6DKVE" duration="00:00:00.0000384" startTime="2022-09-15T22:29:28.1822356+02:00" endTime="2022-09-15T22:29:28.1822740+02:00" testType="13cdc9d9-ddb5-4fa4-a97d-d965ccfc6d4b" outcome="Passed" testListId="8c84fa94-04c1-424b-9868-57a2d4851a1d" relativeResultsDirectory="7243abca-b1d7-4d95-8673-fd99564a5f18" />
    <UnitTestResult executionId="694c1d82-43f7-4281-823f-8966b09b4541" testId="f371e673-c967-e005-984e-eec7e1b1bebd" testName="LauchSpecialCapacityReturnS_False" computerName="DESKTOP-QL6DKVE" duration="00:00:00.0000636" startTime="2022-09-15T22:29:28.1832352+02:00" endTime="2022-09-15T22:29:28.1832988+02:00" testType="13cdc9d9-ddb5-4fa4-a97d-d965ccfc6d4b" outcome="Passed" testListId="8c84fa94-04c1-424b-9868-57a2d4851a1d" relativeResultsDirectory="694c1d82-43f7-4281-823f-8966b09b4541" />
    <UnitTestResult executionId="b71d25bc-1e75-4a5e-857b-6b4ac2a53bc2" testId="4b8631f2-cdc5-761a-9467-13ea3fbff671" testName="LauchSpecialCapacityReturnE_Fail" computerName="DESKTOP-QL6DKVE" duration="00:00:00.0000646" startTime="2022-09-15T22:29:28.1802340+02:00" endTime="2022-09-15T22:29:28.1802986+02:00" testType="13cdc9d9-ddb5-4fa4-a97d-d965ccfc6d4b" outcome="Passed" testListId="8c84fa94-04c1-424b-9868-57a2d4851a1d" relativeResultsDirectory="b71d25bc-1e75-4a5e-857b-6b4ac2a53bc2" />
    <UnitTestResult executionId="5bf014fe-0fc0-4534-8a42-87917872e3ad" testId="5885cdd3-7610-9acc-e8f2-4686d770cf71" testName="KnigthSpecialCapacityReturnE_FAIL" computerName="DESKTOP-QL6DKVE" duration="00:00:00.0000273" startTime="2022-09-15T22:29:28.1822356+02:00" endTime="2022-09-15T22:29:28.1822629+02:00" testType="13cdc9d9-ddb5-4fa4-a97d-d965ccfc6d4b" outcome="Passed" testListId="8c84fa94-04c1-424b-9868-57a2d4851a1d" relativeResultsDirectory="5bf014fe-0fc0-4534-8a42-87917872e3ad" />
    <UnitTestResult executionId="5806f90b-206a-4c26-ae3e-96c2807e7108" testId="0c9c4b25-477c-ce3f-6418-c6ca769e43fb" testName="AttackReturnS_FALSE" computerName="DESKTOP-QL6DKVE" duration="00:00:00.0000351" startTime="2022-09-15T22:29:28.1352243+02:00" endTime="2022-09-15T22:29:28.1352594+02:00" testType="13cdc9d9-ddb5-4fa4-a97d-d965ccfc6d4b" outcome="Passed" testListId="8c84fa94-04c1-424b-9868-57a2d4851a1d" relativeResultsDirectory="5806f90b-206a-4c26-ae3e-96c2807e7108" />
    <UnitTestResult executionId="cfa8748a-edf6-434f-a06d-6d619ed21bbe" testId="47fbb542-9df4-3bf4-f298-62ba2a947561" testName="LauchSpecialCapacityReturnS_FALSE" computerName="DESKTOP-QL6DKVE" duration="00:00:00.0000649" startTime="2022-09-15T22:29:28.1812344+02:00" endTime="2022-09-15T22:29:28.1812993+02:00" testType="13cdc9d9-ddb5-4fa4-a97d-d965ccfc6d4b" outcome="Passed" testListId="8c84fa94-04c1-424b-9868-57a2d4851a1d" relativeResultsDirectory="cfa8748a-edf6-434f-a06d-6d619ed21bbe" />
    <UnitTestResult executionId="4dfb5ebd-f91c-46ab-98be-ad38c3ab32b2" testId="c0eee2c6-a351-49e6-ef1a-6138f6bd8c31" testName="LauchSpecialCapacityReturnS_OK" computerName="DESKTOP-QL6DKVE" duration="00:00:00.0000466" startTime="2022-09-15T22:29:28.1812344+02:00" endTime="2022-09-15T22:29:28.1812810+02:00" testType="13cdc9d9-ddb5-4fa4-a97d-d965ccfc6d4b" outcome="Passed" testListId="8c84fa94-04c1-424b-9868-57a2d4851a1d" relativeResultsDirectory="4dfb5ebd-f91c-46ab-98be-ad38c3ab32b2" />
    <UnitTestResult executionId="60394dcb-df1f-412f-9ae5-c3923f18e109" testId="c2e2cb9a-a422-4ad6-2de8-a67f3aebb9b3" testName="NextTurnReturnE_FAIL" computerName="DESKTOP-QL6DKVE" duration="00:00:00.0000357" startTime="2022-09-15T22:29:28.3251794+02:00" endTime="2022-09-15T22:29:28.3252151+02:00" testType="13cdc9d9-ddb5-4fa4-a97d-d965ccfc6d4b" outcome="Passed" testListId="8c84fa94-04c1-424b-9868-57a2d4851a1d" relativeResultsDirectory="60394dcb-df1f-412f-9ae5-c3923f18e109" />
    <UnitTestResult executionId="c4c7128f-aef3-4140-8cad-f79968396929" testId="0595a59b-83dc-2579-8a8c-fef2ff21c29f" testName="StartModernBattleReturnS_OK" computerName="DESKTOP-QL6DKVE" duration="00:00:00.0001906" startTime="2022-09-15T22:29:28.3261794+02:00" endTime="2022-09-15T22:29:28.3263700+02:00" testType="13cdc9d9-ddb5-4fa4-a97d-d965ccfc6d4b" outcome="Passed" testListId="8c84fa94-04c1-424b-9868-57a2d4851a1d" relativeResultsDirectory="c4c7128f-aef3-4140-8cad-f79968396929" />
    <UnitTestResult executionId="7a1ad070-2011-4726-9d70-6a777ce0cbdd" testId="d530ff3d-e7ba-f0ba-6eb8-bd4a1afe2907" testName="OrcSpecialCapacityReturnE_FAIL" computerName="DESKTOP-QL6DKVE" duration="00:00:00.0000335" startTime="2022-09-15T22:29:28.3281797+02:00" endTime="2022-09-15T22:29:28.3282132+02:00" testType="13cdc9d9-ddb5-4fa4-a97d-d965ccfc6d4b" outcome="Passed" testListId="8c84fa94-04c1-424b-9868-57a2d4851a1d" relativeResultsDirectory="7a1ad070-2011-4726-9d70-6a777ce0cbdd" />
    <UnitTestResult executionId="d5faa548-0fe3-474a-9ead-1a7fd0a7e4ea" testId="27d40cea-9722-3169-ac6b-f18e3d004688" testName="setPvBonusSetPvBonusTo60" computerName="DESKTOP-QL6DKVE" duration="00:00:00.0000198" startTime="2022-09-15T22:29:28.1342235+02:00" endTime="2022-09-15T22:29:28.1342433+02:00" testType="13cdc9d9-ddb5-4fa4-a97d-d965ccfc6d4b" outcome="Passed" testListId="8c84fa94-04c1-424b-9868-57a2d4851a1d" relativeResultsDirectory="d5faa548-0fe3-474a-9ead-1a7fd0a7e4ea" />
    <UnitTestResult executionId="6147722b-4b72-47a0-8df1-dbdee37907e3" testId="da63d449-88f9-d0ae-6f58-2384091d41f7" testName="SpecialCapacityCheckReturnS_OK" computerName="DESKTOP-QL6DKVE" duration="00:00:00.0000451" startTime="2022-09-15T22:29:28.1342235+02:00" endTime="2022-09-15T22:29:28.1342686+02:00" testType="13cdc9d9-ddb5-4fa4-a97d-d965ccfc6d4b" outcome="Passed" testListId="8c84fa94-04c1-424b-9868-57a2d4851a1d" relativeResultsDirectory="6147722b-4b72-47a0-8df1-dbdee37907e3" />
    <UnitTestResult executionId="8f835106-6026-4d4c-9c2b-97ab55b02973" testId="f39b23ff-321b-03b6-b334-e89a7226bb62" testName="Is60pvMinus15Equals45" computerName="DESKTOP-QL6DKVE" duration="00:00:00.0000355" startTime="2022-09-15T22:29:28.3281797+02:00" endTime="2022-09-15T22:29:28.3282152+02:00" testType="13cdc9d9-ddb5-4fa4-a97d-d965ccfc6d4b" outcome="Passed" testListId="8c84fa94-04c1-424b-9868-57a2d4851a1d" relativeResultsDirectory="8f835106-6026-4d4c-9c2b-97ab55b02973" />
    <UnitTestResult executionId="45e5f4b0-2e1e-466e-9e79-2e139cad0d41" testId="45a6f9c7-bdad-4153-5ed8-7cae0bfcff8b" testName="SpecialCapacityCheckReturnS_False" computerName="DESKTOP-QL6DKVE" duration="00:00:00.0001005" startTime="2022-09-15T22:29:28.1352243+02:00" endTime="2022-09-15T22:29:28.1353248+02:00" testType="13cdc9d9-ddb5-4fa4-a97d-d965ccfc6d4b" outcome="Passed" testListId="8c84fa94-04c1-424b-9868-57a2d4851a1d" relativeResultsDirectory="45e5f4b0-2e1e-466e-9e79-2e139cad0d41" />
    <UnitTestResult executionId="5e0c9aad-a0f5-492f-a912-ba34d25ebb7f" testId="59f77659-4088-079a-e3c3-0d459a5f0c0b" testName="isAWinnerDecidedReturnE_Fail" computerName="DESKTOP-QL6DKVE" duration="00:00:00.0000216" startTime="2022-09-15T22:29:28.1822356+02:00" endTime="2022-09-15T22:29:28.1822572+02:00" testType="13cdc9d9-ddb5-4fa4-a97d-d965ccfc6d4b" outcome="Passed" testListId="8c84fa94-04c1-424b-9868-57a2d4851a1d" relativeResultsDirectory="5e0c9aad-a0f5-492f-a912-ba34d25ebb7f" />
    <UnitTestResult executionId="a76b647e-d348-406f-83a2-5b63eba89d5c" testId="40cedd4c-547e-f162-f9f2-13aac713211e" testName="StartModernBattleReturnE_FAIL" computerName="DESKTOP-QL6DKVE" duration="00:00:00.0000349" startTime="2022-09-15T22:29:28.3261794+02:00" endTime="2022-09-15T22:29:28.3262143+02:00" testType="13cdc9d9-ddb5-4fa4-a97d-d965ccfc6d4b" outcome="Passed" testListId="8c84fa94-04c1-424b-9868-57a2d4851a1d" relativeResultsDirectory="a76b647e-d348-406f-83a2-5b63eba89d5c" />
    <UnitTestResult executionId="eef0fc74-4333-4265-b972-c0d5d2631c09" testId="f908dd59-d47c-6655-6192-558ddbe0e1d1" testName="GetPvReturn60" computerName="DESKTOP-QL6DKVE" duration="00:00:00.0000324" startTime="2022-09-15T22:29:28.1792341+02:00" endTime="2022-09-15T22:29:28.1792665+02:00" testType="13cdc9d9-ddb5-4fa4-a97d-d965ccfc6d4b" outcome="Passed" testListId="8c84fa94-04c1-424b-9868-57a2d4851a1d" relativeResultsDirectory="eef0fc74-4333-4265-b972-c0d5d2631c09" />
    <UnitTestResult executionId="232959e9-4501-48cf-8bc3-80d1f96127ee" testId="0826d935-73af-e1cd-a911-e0d1ff41eb37" testName="ClassicFightIsTrue" computerName="DESKTOP-QL6DKVE" duration="00:00:00.0000701" startTime="2022-09-15T22:29:28.1802340+02:00" endTime="2022-09-15T22:29:28.1803041+02:00" testType="13cdc9d9-ddb5-4fa4-a97d-d965ccfc6d4b" outcome="Passed" testListId="8c84fa94-04c1-424b-9868-57a2d4851a1d" relativeResultsDirectory="232959e9-4501-48cf-8bc3-80d1f96127ee" />
    <UnitTestResult executionId="3dfb539a-a0b0-401f-aa84-e10bbc485545" testId="9087fc4c-0245-9b6c-3bc0-9918a0a8f47d" testName="CheckStatusEffectForPlayersCureStunForBilly" computerName="DESKTOP-QL6DKVE" duration="00:00:00.0000525" startTime="2022-09-15T22:29:28.1792341+02:00" endTime="2022-09-15T22:29:28.1792866+02:00" testType="13cdc9d9-ddb5-4fa4-a97d-d965ccfc6d4b" outcome="Passed" testListId="8c84fa94-04c1-424b-9868-57a2d4851a1d" relativeResultsDirectory="3dfb539a-a0b0-401f-aa84-e10bbc485545" />
    <UnitTestResult executionId="502d8c64-9a3e-40e7-951e-a1044f17650e" testId="fc11defa-ece3-9895-0015-d7fbc3553afd" testName="IsCharacterStillAliveIsTrue" computerName="DESKTOP-QL6DKVE" duration="00:00:00.0000146" startTime="2022-09-15T22:29:28.1782337+02:00" endTime="2022-09-15T22:29:28.1782483+02:00" testType="13cdc9d9-ddb5-4fa4-a97d-d965ccfc6d4b" outcome="Passed" testListId="8c84fa94-04c1-424b-9868-57a2d4851a1d" relativeResultsDirectory="502d8c64-9a3e-40e7-951e-a1044f17650e" />
    <UnitTestResult executionId="2699896c-fde9-4f65-92fc-b93dbc84792d" testId="fa61a4da-a8f1-be80-67c7-c2f5c64bdabb" testName="setCharacterStatusToBurn" computerName="DESKTOP-QL6DKVE" duration="00:00:00.0000199" startTime="2022-09-15T22:29:28.1782337+02:00" endTime="2022-09-15T22:29:28.1782536+02:00" testType="13cdc9d9-ddb5-4fa4-a97d-d965ccfc6d4b" outcome="Passed" testListId="8c84fa94-04c1-424b-9868-57a2d4851a1d" relativeResultsDirectory="2699896c-fde9-4f65-92fc-b93dbc84792d" />
  </Results>
  <TestDefinitions>
    <UnitTest name="GetPvReturn60" storage="c:\users\auber\documents\github\warhammerv2\warhammer-unittest\x64\release\warhammer-unittest.dll" id="f908dd59-d47c-6655-6192-558ddbe0e1d1">
      <Execution id="eef0fc74-4333-4265-b972-c0d5d2631c09" />
      <TestMethod codeBase="C:\Users\auber\Documents\GitHub\warhammerv2\WarHammer-UnitTest\x64\Release\WarHammer-UnitTest.dll" adapterTypeName="executor://cppunittestexecutor/v1" className="CharacterUnitTest.Character_UnitTest" name="CharacterUnitTest::Character_UnitTest::GetPvReturn60" />
    </UnitTest>
    <UnitTest name="IsCharacterStillAliveIsFalse" storage="c:\users\auber\documents\github\warhammerv2\warhammer-unittest\x64\release\warhammer-unittest.dll" id="bb4fe614-f1e7-a9db-9551-1b0bf71923eb">
      <Execution id="6a684a65-fe7f-4c26-87a2-e5430cf06ea2" />
      <TestMethod codeBase="C:\Users\auber\Documents\GitHub\warhammerv2\WarHammer-UnitTest\x64\Release\WarHammer-UnitTest.dll" adapterTypeName="executor://cppunittestexecutor/v1" className="CharacterUnitTest.Character_UnitTest" name="CharacterUnitTest::Character_UnitTest::IsCharacterStillAliveIsFalse" />
    </UnitTest>
    <UnitTest name="isGetHitNoArmordeal20Pv" storage="c:\users\auber\documents\github\warhammerv2\warhammer-unittest\x64\release\warhammer-unittest.dll" id="80a8d8eb-dcf7-6869-1514-421c1c868962">
      <Execution id="c18dc7bc-abf0-406a-8489-334b5903b4c8" />
      <TestMethod codeBase="C:\Users\auber\Documents\GitHub\warhammerv2\WarHammer-UnitTest\x64\Release\WarHammer-UnitTest.dll" adapterTypeName="executor://cppunittestexecutor/v1" className="OrcUnitTest.Orc_UnitTest" name="OrcUnitTest::Orc_UnitTest::isGetHitNoArmordeal20Pv" />
    </UnitTest>
    <UnitTest name="AttackReturnE_Fail" storage="c:\users\auber\documents\github\warhammerv2\warhammer-unittest\x64\release\warhammer-unittest.dll" id="6f3971a4-8014-fc88-7c78-fc11c4df17a1">
      <Execution id="5d28dc4d-780d-438d-85d1-23207b96a111" />
      <TestMethod codeBase="C:\Users\auber\Documents\GitHub\warhammerv2\WarHammer-UnitTest\x64\Release\WarHammer-UnitTest.dll" adapterTypeName="executor://cppunittestexecutor/v1" className="CharacterUnitTest.Character_UnitTest" name="CharacterUnitTest::Character_UnitTest::AttackReturnE_Fail" />
    </UnitTest>
    <UnitTest name="OrcSpecialCapacityNotReturnE_FAIL" storage="c:\users\auber\documents\github\warhammerv2\warhammer-unittest\x64\release\warhammer-unittest.dll" id="efed1334-2119-ede4-0c29-b28f75b46849">
      <Execution id="995a324d-b817-422a-bc3d-9b201f6dd126" />
      <TestMethod codeBase="C:\Users\auber\Documents\GitHub\warhammerv2\WarHammer-UnitTest\x64\Release\WarHammer-UnitTest.dll" adapterTypeName="executor://cppunittestexecutor/v1" className="OrcUnitTest.Orc_UnitTest" name="OrcUnitTest::Orc_UnitTest::OrcSpecialCapacityNotReturnE_FAIL" />
    </UnitTest>
    <UnitTest name="GetWinnerReturnBilly" storage="c:\users\auber\documents\github\warhammerv2\warhammer-unittest\x64\release\warhammer-unittest.dll" id="7a875c94-c6ee-6c13-06cf-91fbf3cf6670">
      <Execution id="2d966a68-6148-4f4f-a963-226dffa81449" />
      <TestMethod codeBase="C:\Users\auber\Documents\GitHub\warhammerv2\WarHammer-UnitTest\x64\Release\WarHammer-UnitTest.dll" adapterTypeName="executor://cppunittestexecutor/v1" className="GameGodUnitTest.GameGod_UnitTest" name="GameGodUnitTest::GameGod_UnitTest::GetWinnerReturnBilly" />
    </UnitTest>
    <UnitTest name="LauchSpecialCapacityReturnS_OK" storage="c:\users\auber\documents\github\warhammerv2\warhammer-unittest\x64\release\warhammer-unittest.dll" id="c0eee2c6-a351-49e6-ef1a-6138f6bd8c31">
      <Execution id="4dfb5ebd-f91c-46ab-98be-ad38c3ab32b2" />
      <TestMethod codeBase="C:\Users\auber\Documents\GitHub\warhammerv2\WarHammer-UnitTest\x64\Release\WarHammer-UnitTest.dll" adapterTypeName="executor://cppunittestexecutor/v1" className="GameGodUnitTest.GameGod_UnitTest" name="GameGodUnitTest::GameGod_UnitTest::LauchSpecialCapacityReturnS_OK" />
    </UnitTest>
    <UnitTest name="HammerDealDamageEqual20" storage="c:\users\auber\documents\github\warhammerv2\warhammer-unittest\x64\release\warhammer-unittest.dll" id="2da04864-bcf9-06e2-3c76-a472c742859f">
      <Execution id="5141334c-48c4-48d6-a710-d86826fe914d" />
      <TestMethod codeBase="C:\Users\auber\Documents\GitHub\warhammerv2\WarHammer-UnitTest\x64\Release\WarHammer-UnitTest.dll" adapterTypeName="executor://cppunittestexecutor/v1" className="WeaponUnitTest.Weapon_UnitTest" name="WeaponUnitTest::Weapon_UnitTest::HammerDealDamageEqual20" />
    </UnitTest>
    <UnitTest name="KnightSpecialCapacityNotReturnE_FAIL" storage="c:\users\auber\documents\github\warhammerv2\warhammer-unittest\x64\release\warhammer-unittest.dll" id="d52bfd30-2acb-631b-5521-2f58c28138d1">
      <Execution id="7243abca-b1d7-4d95-8673-fd99564a5f18" />
      <TestMethod codeBase="C:\Users\auber\Documents\GitHub\warhammerv2\WarHammer-UnitTest\x64\Release\WarHammer-UnitTest.dll" adapterTypeName="executor://cppunittestexecutor/v1" className="KnightUnitTest.Knight_UnitTest" name="KnightUnitTest::Knight_UnitTest::KnightSpecialCapacityNotReturnE_FAIL" />
    </UnitTest>
    <UnitTest name="LauchSpecialCapacityReturnE_Fail" storage="c:\users\auber\documents\github\warhammerv2\warhammer-unittest\x64\release\warhammer-unittest.dll" id="4b8631f2-cdc5-761a-9467-13ea3fbff671">
      <Execution id="b71d25bc-1e75-4a5e-857b-6b4ac2a53bc2" />
      <TestMethod codeBase="C:\Users\auber\Documents\GitHub\warhammerv2\WarHammer-UnitTest\x64\Release\WarHammer-UnitTest.dll" adapterTypeName="executor://cppunittestexecutor/v1" className="GameGodUnitTest.GameGod_UnitTest" name="GameGodUnitTest::GameGod_UnitTest::LauchSpecialCapacityReturnE_Fail" />
    </UnitTest>
    <UnitTest name="AttackReturnS_OK" storage="c:\users\auber\documents\github\warhammerv2\warhammer-unittest\x64\release\warhammer-unittest.dll" id="7d0ebb33-cc4a-3d1c-be3e-a4552c439026">
      <Execution id="f7a7b76b-78ac-47a5-b5d3-6c93c54d6be7" />
      <TestMethod codeBase="C:\Users\auber\Documents\GitHub\warhammerv2\WarHammer-UnitTest\x64\Release\WarHammer-UnitTest.dll" adapterTypeName="executor://cppunittestexecutor/v1" className="CharacterUnitTest.Character_UnitTest" name="CharacterUnitTest::Character_UnitTest::AttackReturnS_OK" />
    </UnitTest>
    <UnitTest name="GetNameReturnThrall" storage="c:\users\auber\documents\github\warhammerv2\warhammer-unittest\x64\release\warhammer-unittest.dll" id="55763cf2-6a21-5288-155c-bd769669ec6c">
      <Execution id="793577aa-d251-48b2-a5eb-f26032f989a4" />
      <TestMethod codeBase="C:\Users\auber\Documents\GitHub\warhammerv2\WarHammer-UnitTest\x64\Release\WarHammer-UnitTest.dll" adapterTypeName="executor://cppunittestexecutor/v1" className="CharacterUnitTest.Character_UnitTest" name="CharacterUnitTest::Character_UnitTest::GetNameReturnThrall" />
    </UnitTest>
    <UnitTest name="LauchSpecialCapacityReturnS_OK" storage="c:\users\auber\documents\github\warhammerv2\warhammer-unittest\x64\release\warhammer-unittest.dll" id="03cd7578-b005-b6fc-97ad-e1983ecb1261">
      <Execution id="dda1971d-ef26-4408-b256-17d21be05d4b" />
      <TestMethod codeBase="C:\Users\auber\Documents\GitHub\warhammerv2\WarHammer-UnitTest\x64\Release\WarHammer-UnitTest.dll" adapterTypeName="executor://cppunittestexecutor/v1" className="ModernGameGodUnitTest.ModernGameGod_UnitTest" name="ModernGameGodUnitTest::ModernGameGod_UnitTest::LauchSpecialCapacityReturnS_OK" />
    </UnitTest>
    <UnitTest name="CheckStatusEffectForPlayersSetStatusToNormalIfStun" storage="c:\users\auber\documents\github\warhammerv2\warhammer-unittest\x64\release\warhammer-unittest.dll" id="c05f8d4b-bf91-ed05-d12c-4605448b43e0">
      <Execution id="f1f73356-983c-4e83-af39-aa0ab35f4f23" />
      <TestMethod codeBase="C:\Users\auber\Documents\GitHub\warhammerv2\WarHammer-UnitTest\x64\Release\WarHammer-UnitTest.dll" adapterTypeName="executor://cppunittestexecutor/v1" className="ModernGameGodUnitTest.ModernGameGod_UnitTest" name="ModernGameGodUnitTest::ModernGameGod_UnitTest::CheckStatusEffectForPlayersSetStatusToNormalIfStun" />
    </UnitTest>
    <UnitTest name="StartModernBattleReturnS_OK" storage="c:\users\auber\documents\github\warhammerv2\warhammer-unittest\x64\release\warhammer-unittest.dll" id="0595a59b-83dc-2579-8a8c-fef2ff21c29f">
      <Execution id="c4c7128f-aef3-4140-8cad-f79968396929" />
      <TestMethod codeBase="C:\Users\auber\Documents\GitHub\warhammerv2\WarHammer-UnitTest\x64\Release\WarHammer-UnitTest.dll" adapterTypeName="executor://cppunittestexecutor/v1" className="ModernGameGodUnitTest.ModernGameGod_UnitTest" name="ModernGameGodUnitTest::ModernGameGod_UnitTest::StartModernBattleReturnS_OK" />
    </UnitTest>
    <UnitTest name="isAWinnerDecidedIsFalse" storage="c:\users\auber\documents\github\warhammerv2\warhammer-unittest\x64\release\warhammer-unittest.dll" id="8d6d63e7-07e0-35ed-c38b-cbad58e0cc2f">
      <Execution id="744a95d3-0f8a-4749-94e8-043d7a45b918" />
      <TestMethod codeBase="C:\Users\auber\Documents\GitHub\warhammerv2\WarHammer-UnitTest\x64\Release\WarHammer-UnitTest.dll" adapterTypeName="executor://cppunittestexecutor/v1" className="GameGodUnitTest.GameGod_UnitTest" name="GameGodUnitTest::GameGod_UnitTest::isAWinnerDecidedIsFalse" />
    </UnitTest>
    <UnitTest name="SpecialCapacityCheckReturnS_OK" storage="c:\users\auber\documents\github\warhammerv2\warhammer-unittest\x64\release\warhammer-unittest.dll" id="da63d449-88f9-d0ae-6f58-2384091d41f7">
      <Execution id="6147722b-4b72-47a0-8df1-dbdee37907e3" />
      <TestMethod codeBase="C:\Users\auber\Documents\GitHub\warhammerv2\WarHammer-UnitTest\x64\Release\WarHammer-UnitTest.dll" adapterTypeName="executor://cppunittestexecutor/v1" className="CharacterUnitTest.Character_UnitTest" name="CharacterUnitTest::Character_UnitTest::SpecialCapacityCheckReturnS_OK" />
    </UnitTest>
    <UnitTest name="Is60pvMinus15Equals45" storage="c:\users\auber\documents\github\warhammerv2\warhammer-unittest\x64\release\warhammer-unittest.dll" id="f39b23ff-321b-03b6-b334-e89a7226bb62">
      <Execution id="8f835106-6026-4d4c-9c2b-97ab55b02973" />
      <TestMethod codeBase="C:\Users\auber\Documents\GitHub\warhammerv2\WarHammer-UnitTest\x64\Release\WarHammer-UnitTest.dll" adapterTypeName="executor://cppunittestexecutor/v1" className="PvUnitTest.Pv_UnitTest" name="PvUnitTest::Pv_UnitTest::Is60pvMinus15Equals45" />
    </UnitTest>
    <UnitTest name="SpecialCapacityCheckReturnE_Fail" storage="c:\users\auber\documents\github\warhammerv2\warhammer-unittest\x64\release\warhammer-unittest.dll" id="5c5a02a0-769c-2d2b-093d-9abe12760dee">
      <Execution id="81afa9bc-a19a-48b4-a847-c4d003178221" />
      <TestMethod codeBase="C:\Users\auber\Documents\GitHub\warhammerv2\WarHammer-UnitTest\x64\Release\WarHammer-UnitTest.dll" adapterTypeName="executor://cppunittestexecutor/v1" className="CharacterUnitTest.Character_UnitTest" name="CharacterUnitTest::Character_UnitTest::SpecialCapacityCheckReturnE_Fail" />
    </UnitTest>
    <UnitTest name="LauchSpecialCapacityReturnS_FALSE" storage="c:\users\auber\documents\github\warhammerv2\warhammer-unittest\x64\release\warhammer-unittest.dll" id="47fbb542-9df4-3bf4-f298-62ba2a947561">
      <Execution id="cfa8748a-edf6-434f-a06d-6d619ed21bbe" />
      <TestMethod codeBase="C:\Users\auber\Documents\GitHub\warhammerv2\WarHammer-UnitTest\x64\Release\WarHammer-UnitTest.dll" adapterTypeName="executor://cppunittestexecutor/v1" className="GameGodUnitTest.GameGod_UnitTest" name="GameGodUnitTest::GameGod_UnitTest::LauchSpecialCapacityReturnS_FALSE" />
    </UnitTest>
    <UnitTest name="AttackReturnS_FALSE" storage="c:\users\auber\documents\github\warhammerv2\warhammer-unittest\x64\release\warhammer-unittest.dll" id="0c9c4b25-477c-ce3f-6418-c6ca769e43fb">
      <Execution id="5806f90b-206a-4c26-ae3e-96c2807e7108" />
      <TestMethod codeBase="C:\Users\auber\Documents\GitHub\warhammerv2\WarHammer-UnitTest\x64\Release\WarHammer-UnitTest.dll" adapterTypeName="executor://cppunittestexecutor/v1" className="CharacterUnitTest.Character_UnitTest" name="CharacterUnitTest::Character_UnitTest::AttackReturnS_FALSE" />
    </UnitTest>
    <UnitTest name="KnigthSpecialCapacityReturnE_FAIL" storage="c:\users\auber\documents\github\warhammerv2\warhammer-unittest\x64\release\warhammer-unittest.dll" id="5885cdd3-7610-9acc-e8f2-4686d770cf71">
      <Execution id="5bf014fe-0fc0-4534-8a42-87917872e3ad" />
      <TestMethod codeBase="C:\Users\auber\Documents\GitHub\warhammerv2\WarHammer-UnitTest\x64\Release\WarHammer-UnitTest.dll" adapterTypeName="executor://cppunittestexecutor/v1" className="KnightUnitTest.Knight_UnitTest" name="KnightUnitTest::Knight_UnitTest::KnigthSpecialCapacityReturnE_FAIL" />
    </UnitTest>
    <UnitTest name="NextTurnReturnE_FAIL" storage="c:\users\auber\documents\github\warhammerv2\warhammer-unittest\x64\release\warhammer-unittest.dll" id="c2e2cb9a-a422-4ad6-2de8-a67f3aebb9b3">
      <Execution id="60394dcb-df1f-412f-9ae5-c3923f18e109" />
      <TestMethod codeBase="C:\Users\auber\Documents\GitHub\warhammerv2\WarHammer-UnitTest\x64\Release\WarHammer-UnitTest.dll" adapterTypeName="executor://cppunittestexecutor/v1" className="ModernGameGodUnitTest.ModernGameGod_UnitTest" name="ModernGameGodUnitTest::ModernGameGod_UnitTest::NextTurnReturnE_FAIL" />
    </UnitTest>
    <UnitTest name="isAWinnerDecidedReturnE_Fail" storage="c:\users\auber\documents\github\warhammerv2\warhammer-unittest\x64\release\warhammer-unittest.dll" id="59f77659-4088-079a-e3c3-0d459a5f0c0b">
      <Execution id="5e0c9aad-a0f5-492f-a912-ba34d25ebb7f" />
      <TestMethod codeBase="C:\Users\auber\Documents\GitHub\warhammerv2\WarHammer-UnitTest\x64\Release\WarHammer-UnitTest.dll" adapterTypeName="executor://cppunittestexecutor/v1" className="ModernGameGodUnitTest.ModernGameGod_UnitTest" name="ModernGameGodUnitTest::ModernGameGod_UnitTest::isAWinnerDecidedReturnE_Fail" />
    </UnitTest>
    <UnitTest name="ClassicFightReturnS_False" storage="c:\users\auber\documents\github\warhammerv2\warhammer-unittest\x64\release\warhammer-unittest.dll" id="09b6403c-3741-ba65-85ae-a85c43b97cae">
      <Execution id="b5459f07-d428-4f48-acbd-e2ac2b9fddff" />
      <TestMethod codeBase="C:\Users\auber\Documents\GitHub\warhammerv2\WarHammer-UnitTest\x64\Release\WarHammer-UnitTest.dll" adapterTypeName="executor://cppunittestexecutor/v1" className="ModernGameGodUnitTest.ModernGameGod_UnitTest" name="ModernGameGodUnitTest::ModernGameGod_UnitTest::ClassicFightReturnS_False" />
    </UnitTest>
    <UnitTest name="isAWinnerDecidedReturnS_OK" storage="c:\users\auber\documents\github\warhammerv2\warhammer-unittest\x64\release\warhammer-unittest.dll" id="30ad32c9-4f88-4449-0747-afe4ca36641e">
      <Execution id="4a97de37-f3ed-4912-946a-fc9e13fea54c" />
      <TestMethod codeBase="C:\Users\auber\Documents\GitHub\warhammerv2\WarHammer-UnitTest\x64\Release\WarHammer-UnitTest.dll" adapterTypeName="executor://cppunittestexecutor/v1" className="ModernGameGodUnitTest.ModernGameGod_UnitTest" name="ModernGameGodUnitTest::ModernGameGod_UnitTest::isAWinnerDecidedReturnS_OK" />
    </UnitTest>
    <UnitTest name="SetPvSetPvTo100" storage="c:\users\auber\documents\github\warhammerv2\warhammer-unittest\x64\release\warhammer-unittest.dll" id="e7b7f7a0-e073-969b-049c-1d69b640a26d">
      <Execution id="48ce74a0-c26d-4579-9929-95722e62542a" />
      <TestMethod codeBase="C:\Users\auber\Documents\GitHub\warhammerv2\WarHammer-UnitTest\x64\Release\WarHammer-UnitTest.dll" adapterTypeName="executor://cppunittestexecutor/v1" className="CharacterUnitTest.Character_UnitTest" name="CharacterUnitTest::Character_UnitTest::SetPvSetPvTo100" />
    </UnitTest>
    <UnitTest name="ClassicFightReturnS_OK" storage="c:\users\auber\documents\github\warhammerv2\warhammer-unittest\x64\release\warhammer-unittest.dll" id="8c0f8735-02c6-ff5e-0e22-7851a9435c76">
      <Execution id="19ea9c85-6abc-48e4-8d54-90d033a6db73" />
      <TestMethod codeBase="C:\Users\auber\Documents\GitHub\warhammerv2\WarHammer-UnitTest\x64\Release\WarHammer-UnitTest.dll" adapterTypeName="executor://cppunittestexecutor/v1" className="ModernGameGodUnitTest.ModernGameGod_UnitTest" name="ModernGameGodUnitTest::ModernGameGod_UnitTest::ClassicFightReturnS_OK" />
    </UnitTest>
    <UnitTest name="GetHitWithArmorReturn50" storage="c:\users\auber\documents\github\warhammerv2\warhammer-unittest\x64\release\warhammer-unittest.dll" id="2f2c61e5-9f7b-21c5-30d8-a373019154b6">
      <Execution id="522c29f0-fbad-4482-9f16-6e798b118382" />
      <TestMethod codeBase="C:\Users\auber\Documents\GitHub\warhammerv2\WarHammer-UnitTest\x64\Release\WarHammer-UnitTest.dll" adapterTypeName="executor://cppunittestexecutor/v1" className="CharacterUnitTest.Character_UnitTest" name="CharacterUnitTest::Character_UnitTest::GetHitWithArmorReturn50" />
    </UnitTest>
    <UnitTest name="isAWinnerDecidedReturnS_False" storage="c:\users\auber\documents\github\warhammerv2\warhammer-unittest\x64\release\warhammer-unittest.dll" id="2ccb17f8-d460-f2f1-e132-eef4b048d8f4">
      <Execution id="671dd928-aa38-45e8-9f25-fa90fbcd458a" />
      <TestMethod codeBase="C:\Users\auber\Documents\GitHub\warhammerv2\WarHammer-UnitTest\x64\Release\WarHammer-UnitTest.dll" adapterTypeName="executor://cppunittestexecutor/v1" className="ModernGameGodUnitTest.ModernGameGod_UnitTest" name="ModernGameGodUnitTest::ModernGameGod_UnitTest::isAWinnerDecidedReturnS_False" />
    </UnitTest>
    <UnitTest name="getDamagedReturn60" storage="c:\users\auber\documents\github\warhammerv2\warhammer-unittest\x64\release\warhammer-unittest.dll" id="2fe2b861-570a-e60e-dec0-83d420b2485c">
      <Execution id="80e0a6eb-30f3-4893-88b8-ab68218747c9" />
      <TestMethod codeBase="C:\Users\auber\Documents\GitHub\warhammerv2\WarHammer-UnitTest\x64\Release\WarHammer-UnitTest.dll" adapterTypeName="executor://cppunittestexecutor/v1" className="ArmorUnitTest.Armor_UnitTest" name="ArmorUnitTest::Armor_UnitTest::getDamagedReturn60" />
    </UnitTest>
    <UnitTest name="setCharacterStatusToBurn" storage="c:\users\auber\documents\github\warhammerv2\warhammer-unittest\x64\release\warhammer-unittest.dll" id="fa61a4da-a8f1-be80-67c7-c2f5c64bdabb">
      <Execution id="2699896c-fde9-4f65-92fc-b93dbc84792d" />
      <TestMethod codeBase="C:\Users\auber\Documents\GitHub\warhammerv2\WarHammer-UnitTest\x64\Release\WarHammer-UnitTest.dll" adapterTypeName="executor://cppunittestexecutor/v1" className="CharacterUnitTest.Character_UnitTest" name="CharacterUnitTest::Character_UnitTest::setCharacterStatusToBurn" />
    </UnitTest>
    <UnitTest name="CheckStatusEffectForPlayersCureStunForBilly" storage="c:\users\auber\documents\github\warhammerv2\warhammer-unittest\x64\release\warhammer-unittest.dll" id="9087fc4c-0245-9b6c-3bc0-9918a0a8f47d">
      <Execution id="3dfb539a-a0b0-401f-aa84-e10bbc485545" />
      <TestMethod codeBase="C:\Users\auber\Documents\GitHub\warhammerv2\WarHammer-UnitTest\x64\Release\WarHammer-UnitTest.dll" adapterTypeName="executor://cppunittestexecutor/v1" className="GameGodUnitTest.GameGod_UnitTest" name="GameGodUnitTest::GameGod_UnitTest::CheckStatusEffectForPlayersCureStunForBilly" />
    </UnitTest>
    <UnitTest name="LauchSpecialCapacityReturnE_FAIL" storage="c:\users\auber\documents\github\warhammerv2\warhammer-unittest\x64\release\warhammer-unittest.dll" id="4a083ae2-2549-f17d-57d2-f26d3cac0d3f">
      <Execution id="f0831de7-b306-4ab2-bd81-18f6b214f090" />
      <TestMethod codeBase="C:\Users\auber\Documents\GitHub\warhammerv2\WarHammer-UnitTest\x64\Release\WarHammer-UnitTest.dll" adapterTypeName="executor://cppunittestexecutor/v1" className="ModernGameGodUnitTest.ModernGameGod_UnitTest" name="ModernGameGodUnitTest::ModernGameGod_UnitTest::LauchSpecialCapacityReturnE_FAIL" />
    </UnitTest>
    <UnitTest name="CheckStatusEffectForPlayersNoChangeOfStatus" storage="c:\users\auber\documents\github\warhammerv2\warhammer-unittest\x64\release\warhammer-unittest.dll" id="c3288b20-1b78-6b1d-d773-7b1471226147">
      <Execution id="1e7770d8-addc-4805-8301-f4b51cdf9439" />
      <TestMethod codeBase="C:\Users\auber\Documents\GitHub\warhammerv2\WarHammer-UnitTest\x64\Release\WarHammer-UnitTest.dll" adapterTypeName="executor://cppunittestexecutor/v1" className="ModernGameGodUnitTest.ModernGameGod_UnitTest" name="ModernGameGodUnitTest::ModernGameGod_UnitTest::CheckStatusEffectForPlayersNoChangeOfStatus" />
    </UnitTest>
    <UnitTest name="isGetHitWithArmorDeal0Pv" storage="c:\users\auber\documents\github\warhammerv2\warhammer-unittest\x64\release\warhammer-unittest.dll" id="a3e26214-2efb-bfb5-b3f0-272ec1d8d2ef">
      <Execution id="6a8a74bb-2c0b-4de0-8d2a-e3b263660f61" />
      <TestMethod codeBase="C:\Users\auber\Documents\GitHub\warhammerv2\WarHammer-UnitTest\x64\Release\WarHammer-UnitTest.dll" adapterTypeName="executor://cppunittestexecutor/v1" className="OrcUnitTest.Orc_UnitTest" name="OrcUnitTest::Orc_UnitTest::isGetHitWithArmorDeal0Pv" />
    </UnitTest>
    <UnitTest name="ClassicFightIsFalse" storage="c:\users\auber\documents\github\warhammerv2\warhammer-unittest\x64\release\warhammer-unittest.dll" id="b8164bea-d15b-b705-6270-76d8b545602e">
      <Execution id="52d1fbfa-5149-4055-9f34-012a0c9e9fc9" />
      <TestMethod codeBase="C:\Users\auber\Documents\GitHub\warhammerv2\WarHammer-UnitTest\x64\Release\WarHammer-UnitTest.dll" adapterTypeName="executor://cppunittestexecutor/v1" className="GameGodUnitTest.GameGod_UnitTest" name="GameGodUnitTest::GameGod_UnitTest::ClassicFightIsFalse" />
    </UnitTest>
    <UnitTest name="IsCharacterStillAliveIsTrue" storage="c:\users\auber\documents\github\warhammerv2\warhammer-unittest\x64\release\warhammer-unittest.dll" id="fc11defa-ece3-9895-0015-d7fbc3553afd">
      <Execution id="502d8c64-9a3e-40e7-951e-a1044f17650e" />
      <TestMethod codeBase="C:\Users\auber\Documents\GitHub\warhammerv2\WarHammer-UnitTest\x64\Release\WarHammer-UnitTest.dll" adapterTypeName="executor://cppunittestexecutor/v1" className="CharacterUnitTest.Character_UnitTest" name="CharacterUnitTest::Character_UnitTest::IsCharacterStillAliveIsTrue" />
    </UnitTest>
    <UnitTest name="ClassicFightIsTrue" storage="c:\users\auber\documents\github\warhammerv2\warhammer-unittest\x64\release\warhammer-unittest.dll" id="0826d935-73af-e1cd-a911-e0d1ff41eb37">
      <Execution id="232959e9-4501-48cf-8bc3-80d1f96127ee" />
      <TestMethod codeBase="C:\Users\auber\Documents\GitHub\warhammerv2\WarHammer-UnitTest\x64\Release\WarHammer-UnitTest.dll" adapterTypeName="executor://cppunittestexecutor/v1" className="GameGodUnitTest.GameGod_UnitTest" name="GameGodUnitTest::GameGod_UnitTest::ClassicFightIsTrue" />
    </UnitTest>
    <UnitTest name="OrcSpecialCapacityReturnE_FAIL" storage="c:\users\auber\documents\github\warhammerv2\warhammer-unittest\x64\release\warhammer-unittest.dll" id="d530ff3d-e7ba-f0ba-6eb8-bd4a1afe2907">
      <Execution id="7a1ad070-2011-4726-9d70-6a777ce0cbdd" />
      <TestMethod codeBase="C:\Users\auber\Documents\GitHub\warhammerv2\WarHammer-UnitTest\x64\Release\WarHammer-UnitTest.dll" adapterTypeName="executor://cppunittestexecutor/v1" className="OrcUnitTest.Orc_UnitTest" name="OrcUnitTest::Orc_UnitTest::OrcSpecialCapacityReturnE_FAIL" />
    </UnitTest>
    <UnitTest name="SpecialCapacityCheckReturnS_False" storage="c:\users\auber\documents\github\warhammerv2\warhammer-unittest\x64\release\warhammer-unittest.dll" id="45a6f9c7-bdad-4153-5ed8-7cae0bfcff8b">
      <Execution id="45e5f4b0-2e1e-466e-9e79-2e139cad0d41" />
      <TestMethod codeBase="C:\Users\auber\Documents\GitHub\warhammerv2\WarHammer-UnitTest\x64\Release\WarHammer-UnitTest.dll" adapterTypeName="executor://cppunittestexecutor/v1" className="CharacterUnitTest.Character_UnitTest" name="CharacterUnitTest::Character_UnitTest::SpecialCapacityCheckReturnS_False" />
    </UnitTest>
    <UnitTest name="GetHitWithNoArmorReturn50" storage="c:\users\auber\documents\github\warhammerv2\warhammer-unittest\x64\release\warhammer-unittest.dll" id="42c82c77-19a2-b6f6-866b-2749e7ca4e03">
      <Execution id="4209b0cc-b979-41d2-9db6-5c4ea01ac255" />
      <TestMethod codeBase="C:\Users\auber\Documents\GitHub\warhammerv2\WarHammer-UnitTest\x64\Release\WarHammer-UnitTest.dll" adapterTypeName="executor://cppunittestexecutor/v1" className="CharacterUnitTest.Character_UnitTest" name="CharacterUnitTest::Character_UnitTest::GetHitWithNoArmorReturn50" />
    </UnitTest>
    <UnitTest name="StartModernBattleReturnE_FAIL" storage="c:\users\auber\documents\github\warhammerv2\warhammer-unittest\x64\release\warhammer-unittest.dll" id="40cedd4c-547e-f162-f9f2-13aac713211e">
      <Execution id="a76b647e-d348-406f-83a2-5b63eba89d5c" />
      <TestMethod codeBase="C:\Users\auber\Documents\GitHub\warhammerv2\WarHammer-UnitTest\x64\Release\WarHammer-UnitTest.dll" adapterTypeName="executor://cppunittestexecutor/v1" className="ModernGameGodUnitTest.ModernGameGod_UnitTest" name="ModernGameGodUnitTest::ModernGameGod_UnitTest::StartModernBattleReturnE_FAIL" />
    </UnitTest>
    <UnitTest name="SwordDealDamageEqual20" storage="c:\users\auber\documents\github\warhammerv2\warhammer-unittest\x64\release\warhammer-unittest.dll" id="927c1d11-da6f-13a7-1d49-22a9a72a90bd">
      <Execution id="df70e926-d8fd-4465-bee2-33d77536217c" />
      <TestMethod codeBase="C:\Users\auber\Documents\GitHub\warhammerv2\WarHammer-UnitTest\x64\Release\WarHammer-UnitTest.dll" adapterTypeName="executor://cppunittestexecutor/v1" className="WeaponUnitTest.Weapon_UnitTest" name="WeaponUnitTest::Weapon_UnitTest::SwordDealDamageEqual20" />
    </UnitTest>
    <UnitTest name="setPvBonusSetPvBonusTo60" storage="c:\users\auber\documents\github\warhammerv2\warhammer-unittest\x64\release\warhammer-unittest.dll" id="27d40cea-9722-3169-ac6b-f18e3d004688">
      <Execution id="d5faa548-0fe3-474a-9ead-1a7fd0a7e4ea" />
      <TestMethod codeBase="C:\Users\auber\Documents\GitHub\warhammerv2\WarHammer-UnitTest\x64\Release\WarHammer-UnitTest.dll" adapterTypeName="executor://cppunittestexecutor/v1" className="ArmorUnitTest.Armor_UnitTest" name="ArmorUnitTest::Armor_UnitTest::setPvBonusSetPvBonusTo60" />
    </UnitTest>
    <UnitTest name="CheckStatusEffectCureStun" storage="c:\users\auber\documents\github\warhammerv2\warhammer-unittest\x64\release\warhammer-unittest.dll" id="e0f209ce-241b-94d1-1885-0af94eb99668">
      <Execution id="9dbee454-36d1-450d-92a1-c23319e6a32e" />
      <TestMethod codeBase="C:\Users\auber\Documents\GitHub\warhammerv2\WarHammer-UnitTest\x64\Release\WarHammer-UnitTest.dll" adapterTypeName="executor://cppunittestexecutor/v1" className="GameGodUnitTest.GameGod_UnitTest" name="GameGodUnitTest::GameGod_UnitTest::CheckStatusEffectCureStun" />
    </UnitTest>
    <UnitTest name="LauchSpecialCapacityReturnS_False" storage="c:\users\auber\documents\github\warhammerv2\warhammer-unittest\x64\release\warhammer-unittest.dll" id="f371e673-c967-e005-984e-eec7e1b1bebd">
      <Execution id="694c1d82-43f7-4281-823f-8966b09b4541" />
      <TestMethod codeBase="C:\Users\auber\Documents\GitHub\warhammerv2\WarHammer-UnitTest\x64\Release\WarHammer-UnitTest.dll" adapterTypeName="executor://cppunittestexecutor/v1" className="ModernGameGodUnitTest.ModernGameGod_UnitTest" name="ModernGameGodUnitTest::ModernGameGod_UnitTest::LauchSpecialCapacityReturnS_False" />
    </UnitTest>
    <UnitTest name="NextTurnReturnS_OK" storage="c:\users\auber\documents\github\warhammerv2\warhammer-unittest\x64\release\warhammer-unittest.dll" id="97c5dcf7-f95d-6d43-2775-7abbde6bcbba">
      <Execution id="b8fcf0ea-e06e-401e-96f4-07e04e0496e4" />
      <TestMethod codeBase="C:\Users\auber\Documents\GitHub\warhammerv2\WarHammer-UnitTest\x64\Release\WarHammer-UnitTest.dll" adapterTypeName="executor://cppunittestexecutor/v1" className="ModernGameGodUnitTest.ModernGameGod_UnitTest" name="ModernGameGodUnitTest::ModernGameGod_UnitTest::NextTurnReturnS_OK" />
    </UnitTest>
    <UnitTest name="GetCharacterStatusReturnNormal" storage="c:\users\auber\documents\github\warhammerv2\warhammer-unittest\x64\release\warhammer-unittest.dll" id="a56ef89c-f826-3f32-8513-3bf2d8ef40d5">
      <Execution id="92d8d4de-be6e-4db4-8963-8a7827e952f7" />
      <TestMethod codeBase="C:\Users\auber\Documents\GitHub\warhammerv2\WarHammer-UnitTest\x64\Release\WarHammer-UnitTest.dll" adapterTypeName="executor://cppunittestexecutor/v1" className="CharacterUnitTest.Character_UnitTest" name="CharacterUnitTest::Character_UnitTest::GetCharacterStatusReturnNormal" />
    </UnitTest>
    <UnitTest name="isAWinnerDecidedIsTrue" storage="c:\users\auber\documents\github\warhammerv2\warhammer-unittest\x64\release\warhammer-unittest.dll" id="e98c92d5-b3a2-9dfb-be44-6ba371ec75a1">
      <Execution id="4c398c99-3990-4d34-a9dc-66081aaaa0b0" />
      <TestMethod codeBase="C:\Users\auber\Documents\GitHub\warhammerv2\WarHammer-UnitTest\x64\Release\WarHammer-UnitTest.dll" adapterTypeName="executor://cppunittestexecutor/v1" className="GameGodUnitTest.GameGod_UnitTest" name="GameGodUnitTest::GameGod_UnitTest::isAWinnerDecidedIsTrue" />
    </UnitTest>
    <UnitTest name="getPvBonusReturn20" storage="c:\users\auber\documents\github\warhammerv2\warhammer-unittest\x64\release\warhammer-unittest.dll" id="583a9ade-7703-3308-8ba1-04ef50ba602b">
      <Execution id="77c7285f-6b75-436c-87f0-a72e05c95d45" />
      <TestMethod codeBase="C:\Users\auber\Documents\GitHub\warhammerv2\WarHammer-UnitTest\x64\Release\WarHammer-UnitTest.dll" adapterTypeName="executor://cppunittestexecutor/v1" className="ArmorUnitTest.Armor_UnitTest" name="ArmorUnitTest::Armor_UnitTest::getPvBonusReturn20" />
    </UnitTest>
    <UnitTest name="getArmorStatusReturnAllStatus" storage="c:\users\auber\documents\github\warhammerv2\warhammer-unittest\x64\release\warhammer-unittest.dll" id="58c88962-8c3d-d4b0-61c7-b85a8124107f">
      <Execution id="8c569b17-a0e9-4805-89b7-3dd0f58564bd" />
      <TestMethod codeBase="C:\Users\auber\Documents\GitHub\warhammerv2\WarHammer-UnitTest\x64\Release\WarHammer-UnitTest.dll" adapterTypeName="executor://cppunittestexecutor/v1" className="ArmorUnitTest.Armor_UnitTest" name="ArmorUnitTest::Armor_UnitTest::getArmorStatusReturnAllStatus" />
    </UnitTest>
  </TestDefinitions>
  <TestEntries>
    <TestEntry testId="97c5dcf7-f95d-6d43-2775-7abbde6bcbba" executionId="b8fcf0ea-e06e-401e-96f4-07e04e0496e4" testListId="8c84fa94-04c1-424b-9868-57a2d4851a1d" />
    <TestEntry testId="6f3971a4-8014-fc88-7c78-fc11c4df17a1" executionId="5d28dc4d-780d-438d-85d1-23207b96a111" testListId="8c84fa94-04c1-424b-9868-57a2d4851a1d" />
    <TestEntry testId="bb4fe614-f1e7-a9db-9551-1b0bf71923eb" executionId="6a684a65-fe7f-4c26-87a2-e5430cf06ea2" testListId="8c84fa94-04c1-424b-9868-57a2d4851a1d" />
    <TestEntry testId="8c0f8735-02c6-ff5e-0e22-7851a9435c76" executionId="19ea9c85-6abc-48e4-8d54-90d033a6db73" testListId="8c84fa94-04c1-424b-9868-57a2d4851a1d" />
    <TestEntry testId="2da04864-bcf9-06e2-3c76-a472c742859f" executionId="5141334c-48c4-48d6-a710-d86826fe914d" testListId="8c84fa94-04c1-424b-9868-57a2d4851a1d" />
    <TestEntry testId="c3288b20-1b78-6b1d-d773-7b1471226147" executionId="1e7770d8-addc-4805-8301-f4b51cdf9439" testListId="8c84fa94-04c1-424b-9868-57a2d4851a1d" />
    <TestEntry testId="927c1d11-da6f-13a7-1d49-22a9a72a90bd" executionId="df70e926-d8fd-4465-bee2-33d77536217c" testListId="8c84fa94-04c1-424b-9868-57a2d4851a1d" />
    <TestEntry testId="09b6403c-3741-ba65-85ae-a85c43b97cae" executionId="b5459f07-d428-4f48-acbd-e2ac2b9fddff" testListId="8c84fa94-04c1-424b-9868-57a2d4851a1d" />
    <TestEntry testId="583a9ade-7703-3308-8ba1-04ef50ba602b" executionId="77c7285f-6b75-436c-87f0-a72e05c95d45" testListId="8c84fa94-04c1-424b-9868-57a2d4851a1d" />
    <TestEntry testId="2fe2b861-570a-e60e-dec0-83d420b2485c" executionId="80e0a6eb-30f3-4893-88b8-ab68218747c9" testListId="8c84fa94-04c1-424b-9868-57a2d4851a1d" />
    <TestEntry testId="5c5a02a0-769c-2d2b-093d-9abe12760dee" executionId="81afa9bc-a19a-48b4-a847-c4d003178221" testListId="8c84fa94-04c1-424b-9868-57a2d4851a1d" />
    <TestEntry testId="efed1334-2119-ede4-0c29-b28f75b46849" executionId="995a324d-b817-422a-bc3d-9b201f6dd126" testListId="8c84fa94-04c1-424b-9868-57a2d4851a1d" />
    <TestEntry testId="8d6d63e7-07e0-35ed-c38b-cbad58e0cc2f" executionId="744a95d3-0f8a-4749-94e8-043d7a45b918" testListId="8c84fa94-04c1-424b-9868-57a2d4851a1d" />
    <TestEntry testId="2f2c61e5-9f7b-21c5-30d8-a373019154b6" executionId="522c29f0-fbad-4482-9f16-6e798b118382" testListId="8c84fa94-04c1-424b-9868-57a2d4851a1d" />
    <TestEntry testId="a3e26214-2efb-bfb5-b3f0-272ec1d8d2ef" executionId="6a8a74bb-2c0b-4de0-8d2a-e3b263660f61" testListId="8c84fa94-04c1-424b-9868-57a2d4851a1d" />
    <TestEntry testId="e7b7f7a0-e073-969b-049c-1d69b640a26d" executionId="48ce74a0-c26d-4579-9929-95722e62542a" testListId="8c84fa94-04c1-424b-9868-57a2d4851a1d" />
    <TestEntry testId="03cd7578-b005-b6fc-97ad-e1983ecb1261" executionId="dda1971d-ef26-4408-b256-17d21be05d4b" testListId="8c84fa94-04c1-424b-9868-57a2d4851a1d" />
    <TestEntry testId="a56ef89c-f826-3f32-8513-3bf2d8ef40d5" executionId="92d8d4de-be6e-4db4-8963-8a7827e952f7" testListId="8c84fa94-04c1-424b-9868-57a2d4851a1d" />
    <TestEntry testId="30ad32c9-4f88-4449-0747-afe4ca36641e" executionId="4a97de37-f3ed-4912-946a-fc9e13fea54c" testListId="8c84fa94-04c1-424b-9868-57a2d4851a1d" />
    <TestEntry testId="e98c92d5-b3a2-9dfb-be44-6ba371ec75a1" executionId="4c398c99-3990-4d34-a9dc-66081aaaa0b0" testListId="8c84fa94-04c1-424b-9868-57a2d4851a1d" />
    <TestEntry testId="b8164bea-d15b-b705-6270-76d8b545602e" executionId="52d1fbfa-5149-4055-9f34-012a0c9e9fc9" testListId="8c84fa94-04c1-424b-9868-57a2d4851a1d" />
    <TestEntry testId="80a8d8eb-dcf7-6869-1514-421c1c868962" executionId="c18dc7bc-abf0-406a-8489-334b5903b4c8" testListId="8c84fa94-04c1-424b-9868-57a2d4851a1d" />
    <TestEntry testId="58c88962-8c3d-d4b0-61c7-b85a8124107f" executionId="8c569b17-a0e9-4805-89b7-3dd0f58564bd" testListId="8c84fa94-04c1-424b-9868-57a2d4851a1d" />
    <TestEntry testId="7a875c94-c6ee-6c13-06cf-91fbf3cf6670" executionId="2d966a68-6148-4f4f-a963-226dffa81449" testListId="8c84fa94-04c1-424b-9868-57a2d4851a1d" />
    <TestEntry testId="42c82c77-19a2-b6f6-866b-2749e7ca4e03" executionId="4209b0cc-b979-41d2-9db6-5c4ea01ac255" testListId="8c84fa94-04c1-424b-9868-57a2d4851a1d" />
    <TestEntry testId="4a083ae2-2549-f17d-57d2-f26d3cac0d3f" executionId="f0831de7-b306-4ab2-bd81-18f6b214f090" testListId="8c84fa94-04c1-424b-9868-57a2d4851a1d" />
    <TestEntry testId="e0f209ce-241b-94d1-1885-0af94eb99668" executionId="9dbee454-36d1-450d-92a1-c23319e6a32e" testListId="8c84fa94-04c1-424b-9868-57a2d4851a1d" />
    <TestEntry testId="2ccb17f8-d460-f2f1-e132-eef4b048d8f4" executionId="671dd928-aa38-45e8-9f25-fa90fbcd458a" testListId="8c84fa94-04c1-424b-9868-57a2d4851a1d" />
    <TestEntry testId="55763cf2-6a21-5288-155c-bd769669ec6c" executionId="793577aa-d251-48b2-a5eb-f26032f989a4" testListId="8c84fa94-04c1-424b-9868-57a2d4851a1d" />
    <TestEntry testId="c05f8d4b-bf91-ed05-d12c-4605448b43e0" executionId="f1f73356-983c-4e83-af39-aa0ab35f4f23" testListId="8c84fa94-04c1-424b-9868-57a2d4851a1d" />
    <TestEntry testId="7d0ebb33-cc4a-3d1c-be3e-a4552c439026" executionId="f7a7b76b-78ac-47a5-b5d3-6c93c54d6be7" testListId="8c84fa94-04c1-424b-9868-57a2d4851a1d" />
    <TestEntry testId="d52bfd30-2acb-631b-5521-2f58c28138d1" executionId="7243abca-b1d7-4d95-8673-fd99564a5f18" testListId="8c84fa94-04c1-424b-9868-57a2d4851a1d" />
    <TestEntry testId="f371e673-c967-e005-984e-eec7e1b1bebd" executionId="694c1d82-43f7-4281-823f-8966b09b4541" testListId="8c84fa94-04c1-424b-9868-57a2d4851a1d" />
    <TestEntry testId="4b8631f2-cdc5-761a-9467-13ea3fbff671" executionId="b71d25bc-1e75-4a5e-857b-6b4ac2a53bc2" testListId="8c84fa94-04c1-424b-9868-57a2d4851a1d" />
    <TestEntry testId="5885cdd3-7610-9acc-e8f2-4686d770cf71" executionId="5bf014fe-0fc0-4534-8a42-87917872e3ad" testListId="8c84fa94-04c1-424b-9868-57a2d4851a1d" />
    <TestEntry testId="0c9c4b25-477c-ce3f-6418-c6ca769e43fb" executionId="5806f90b-206a-4c26-ae3e-96c2807e7108" testListId="8c84fa94-04c1-424b-9868-57a2d4851a1d" />
    <TestEntry testId="47fbb542-9df4-3bf4-f298-62ba2a947561" executionId="cfa8748a-edf6-434f-a06d-6d619ed21bbe" testListId="8c84fa94-04c1-424b-9868-57a2d4851a1d" />
    <TestEntry testId="c0eee2c6-a351-49e6-ef1a-6138f6bd8c31" executionId="4dfb5ebd-f91c-46ab-98be-ad38c3ab32b2" testListId="8c84fa94-04c1-424b-9868-57a2d4851a1d" />
    <TestEntry testId="c2e2cb9a-a422-4ad6-2de8-a67f3aebb9b3" executionId="60394dcb-df1f-412f-9ae5-c3923f18e109" testListId="8c84fa94-04c1-424b-9868-57a2d4851a1d" />
    <TestEntry testId="0595a59b-83dc-2579-8a8c-fef2ff21c29f" executionId="c4c7128f-aef3-4140-8cad-f79968396929" testListId="8c84fa94-04c1-424b-9868-57a2d4851a1d" />
    <TestEntry testId="d530ff3d-e7ba-f0ba-6eb8-bd4a1afe2907" executionId="7a1ad070-2011-4726-9d70-6a777ce0cbdd" testListId="8c84fa94-04c1-424b-9868-57a2d4851a1d" />
    <TestEntry testId="27d40cea-9722-3169-ac6b-f18e3d004688" executionId="d5faa548-0fe3-474a-9ead-1a7fd0a7e4ea" testListId="8c84fa94-04c1-424b-9868-57a2d4851a1d" />
    <TestEntry testId="da63d449-88f9-d0ae-6f58-2384091d41f7" executionId="6147722b-4b72-47a0-8df1-dbdee37907e3" testListId="8c84fa94-04c1-424b-9868-57a2d4851a1d" />
    <TestEntry testId="f39b23ff-321b-03b6-b334-e89a7226bb62" executionId="8f835106-6026-4d4c-9c2b-97ab55b02973" testListId="8c84fa94-04c1-424b-9868-57a2d4851a1d" />
    <TestEntry testId="45a6f9c7-bdad-4153-5ed8-7cae0bfcff8b" executionId="45e5f4b0-2e1e-466e-9e79-2e139cad0d41" testListId="8c84fa94-04c1-424b-9868-57a2d4851a1d" />
    <TestEntry testId="59f77659-4088-079a-e3c3-0d459a5f0c0b" executionId="5e0c9aad-a0f5-492f-a912-ba34d25ebb7f" testListId="8c84fa94-04c1-424b-9868-57a2d4851a1d" />
    <TestEntry testId="40cedd4c-547e-f162-f9f2-13aac713211e" executionId="a76b647e-d348-406f-83a2-5b63eba89d5c" testListId="8c84fa94-04c1-424b-9868-57a2d4851a1d" />
    <TestEntry testId="f908dd59-d47c-6655-6192-558ddbe0e1d1" executionId="eef0fc74-4333-4265-b972-c0d5d2631c09" testListId="8c84fa94-04c1-424b-9868-57a2d4851a1d" />
    <TestEntry testId="0826d935-73af-e1cd-a911-e0d1ff41eb37" executionId="232959e9-4501-48cf-8bc3-80d1f96127ee" testListId="8c84fa94-04c1-424b-9868-57a2d4851a1d" />
    <TestEntry testId="9087fc4c-0245-9b6c-3bc0-9918a0a8f47d" executionId="3dfb539a-a0b0-401f-aa84-e10bbc485545" testListId="8c84fa94-04c1-424b-9868-57a2d4851a1d" />
    <TestEntry testId="fc11defa-ece3-9895-0015-d7fbc3553afd" executionId="502d8c64-9a3e-40e7-951e-a1044f17650e" testListId="8c84fa94-04c1-424b-9868-57a2d4851a1d" />
    <TestEntry testId="fa61a4da-a8f1-be80-67c7-c2f5c64bdabb" executionId="2699896c-fde9-4f65-92fc-b93dbc84792d" testListId="8c84fa94-04c1-424b-9868-57a2d4851a1d" />
  </TestEntries>
  <TestLists>
    <TestList name="Les résultats ne figurent pas dans une liste" id="8c84fa94-04c1-424b-9868-57a2d4851a1d" />
    <TestList name="Tous les résultats chargés" id="19431567-8539-422a-85d7-44ee4e166bda" />
  </TestLists>
  <ResultSummary outcome="Failed">
    <Counters total="52" executed="52" passed="51" failed="1" error="0" timeout="0" aborted="0" inconclusive="0" passedButRunAborted="0" notRunnable="0" notExecuted="0" disconnected="0" warning="0" completed="0" inProgress="0" pending="0" />
  </ResultSummary>
</TestRun>